model init finished ......
Q: 感冒吃什么药
DEBUG: sql_ type: <class 'dict'>
DEBUG: sql_ content: {'question_type': 'disease_do_food', 'sql': ["MATCH (m:Disease)-[r:do_eat]->(n:Food) where m.name = '感冒' return m.name, r.name, n.name", "MATCH (m:Disease)-[r:recommand_eat]->(n:Food) where m.name = '感冒' return m.name, r.name, n.name"]}
DEBUG: sql_ type: <class 'dict'>
DEBUG: sql_ content: {'question_type': 'disease_drug', 'sql': ["MATCH (m:Disease)-[r:common_drug]->(n:Drug) where m.name = '感冒' return m.name, r.name, n.name", "MATCH (m:Disease)-[r:recommand_drug]->(n:Drug) where m.name = '感冒' return m.name, r.name, n.name"]}
A: 感冒宜食的食物包括有：南瓜子仁;鸡蛋;芝麻;鹌鹑蛋
推荐食谱包括有：绿豆薏米饭;赤小豆粥;醋熘土豆丝;香椿芽粥;凉拌香椿;葱蒜粥;薏米莲子粥;姜丝萝卜汤
感冒通常的使用的药品包括：消炎片；洛索洛芬钠片；银芩胶囊；喉痛灵片；阿莫西林颗粒；洛索洛芬钠胶囊；抗病毒口服液；利巴韦林颗粒；肺宁片；风油精；匹多莫德分散片；感冒灵颗粒；伤风停胶囊；麻黄止嗽丸；蒲公英颗粒；穿心莲片；头孢拉定胶囊；头孢丙烯分散片；酚咖片；依托红霉素片
--------------------
Q: 阿司匹林有什么禁忌
A: 您好，我是医药智能助理，希望可以帮到您。如果没答上来，可联系https://liuhuanyong.github.io/。祝您身体棒棒！
--------------------
Q: 阿司匹林有什么副作用
A: 您好，我是医药智能助理，希望可以帮到您。如果没答上来，可联系https://liuhuanyong.github.io/。祝您身体棒棒！
--------------------
Q: 儿童能吃阿司匹林吗
A: 您好，我是医药智能助理，希望可以帮到您。如果没答上来，可联系https://liuhuanyong.github.io/。祝您身体棒棒！
--------------------
Q: 感冒有什么症状
DEBUG: sql_ type: <class 'dict'>
DEBUG: sql_ content: {'question_type': 'disease_symptom', 'sql': ["MATCH (m:Disease)-[r:has_symptom]->(n:Symptom) where m.name = '感冒' return m.name, r.name, n.name"]}
A: 感冒的症状包括：咽痛；咽喉干燥及灼热感；流鼻涕；头痛；情绪性感冒；鼻塞；发烧；发热伴寒战；浑身忽冷忽热
--------------------
Q: 头痛是哪些病的症状
DEBUG: sql_ type: <class 'dict'>
DEBUG: sql_ content: {'question_type': 'disease_symptom', 'sql': ["MATCH (m:Disease)-[r:has_symptom]->(n:Symptom) where m.name = '头痛' return m.name, r.name, n.name"]}
DEBUG: sql_ type: <class 'dict'>
DEBUG: sql_ content: {'question_type': 'symptom_disease', 'sql': ["MATCH (m:Disease)-[r:has_symptom]->(n:Symptom) where n.name = '头痛' return m.name, r.name, n.name"]}
A: 头痛的症状包括：太阳穴痛；紧箍咒一样头紧；间歇性头痛；太阳穴胀痛；紧张性头痛；颅外头痛；重压感、紧箍感...；慢性头痛；眩晕
症状头痛可能染上的疾病有：脑炎；鼻腔癌；风寒；急性丙肝；透明隔囊肿；上颌窦炎；发热伴血小板减少综合征；病毒性肺炎；肺癌转移；血管性头痛；风热头痛；疱疹性口腔炎；风寒头痛；热咳；外伤后头痛；肢端肥大症性心肌病；筛窦炎；血虚头痛；感冒；偏头痛
--------------------
